Archive member included to satisfy reference by file (symbol)

d:/stm32cubeide_1.10.1/stm32cubeide/plugins/com.st.stm32cube.ide.mcu.externaltools.gnu-tools-for-stm32.10.3-2021.10.win32_1.0.0.202111181127/tools/bin/../lib/gcc/arm-none-eabi/10.3.1/../../../../arm-none-eabi/lib/thumb/v7e-m+fp/hard\libc_nano.a(lib_a-errno.o)
                              ./Core/Src/syscalls.o (__errno)
d:/stm32cubeide_1.10.1/stm32cubeide/plugins/com.st.stm32cube.ide.mcu.externaltools.gnu-tools-for-stm32.10.3-2021.10.win32_1.0.0.202111181127/tools/bin/../lib/gcc/arm-none-eabi/10.3.1/../../../../arm-none-eabi/lib/thumb/v7e-m+fp/hard\libc_nano.a(lib_a-exit.o)
                              d:/stm32cubeide_1.10.1/stm32cubeide/plugins/com.st.stm32cube.ide.mcu.externaltools.gnu-tools-for-stm32.10.3-2021.10.win32_1.0.0.202111181127/tools/bin/../lib/gcc/arm-none-eabi/10.3.1/../../../../arm-none-eabi/lib/thumb/v7e-m+fp/hard/crt0.o (exit)
d:/stm32cubeide_1.10.1/stm32cubeide/plugins/com.st.stm32cube.ide.mcu.externaltools.gnu-tools-for-stm32.10.3-2021.10.win32_1.0.0.202111181127/tools/bin/../lib/gcc/arm-none-eabi/10.3.1/../../../../arm-none-eabi/lib/thumb/v7e-m+fp/hard\libc_nano.a(lib_a-impure.o)
                              d:/stm32cubeide_1.10.1/stm32cubeide/plugins/com.st.stm32cube.ide.mcu.externaltools.gnu-tools-for-stm32.10.3-2021.10.win32_1.0.0.202111181127/tools/bin/../lib/gcc/arm-none-eabi/10.3.1/../../../../arm-none-eabi/lib/thumb/v7e-m+fp/hard\libc_nano.a(lib_a-exit.o) (_global_impure_ptr)
d:/stm32cubeide_1.10.1/stm32cubeide/plugins/com.st.stm32cube.ide.mcu.externaltools.gnu-tools-for-stm32.10.3-2021.10.win32_1.0.0.202111181127/tools/bin/../lib/gcc/arm-none-eabi/10.3.1/../../../../arm-none-eabi/lib/thumb/v7e-m+fp/hard\libc_nano.a(lib_a-init.o)
                              d:/stm32cubeide_1.10.1/stm32cubeide/plugins/com.st.stm32cube.ide.mcu.externaltools.gnu-tools-for-stm32.10.3-2021.10.win32_1.0.0.202111181127/tools/bin/../lib/gcc/arm-none-eabi/10.3.1/../../../../arm-none-eabi/lib/thumb/v7e-m+fp/hard/crt0.o (__libc_init_array)
d:/stm32cubeide_1.10.1/stm32cubeide/plugins/com.st.stm32cube.ide.mcu.externaltools.gnu-tools-for-stm32.10.3-2021.10.win32_1.0.0.202111181127/tools/bin/../lib/gcc/arm-none-eabi/10.3.1/../../../../arm-none-eabi/lib/thumb/v7e-m+fp/hard\libc_nano.a(lib_a-memset.o)
                              d:/stm32cubeide_1.10.1/stm32cubeide/plugins/com.st.stm32cube.ide.mcu.externaltools.gnu-tools-for-stm32.10.3-2021.10.win32_1.0.0.202111181127/tools/bin/../lib/gcc/arm-none-eabi/10.3.1/../../../../arm-none-eabi/lib/thumb/v7e-m+fp/hard/crt0.o (memset)

Discarded input sections

 .text          0x0000000000000000        0x0 d:/stm32cubeide_1.10.1/stm32cubeide/plugins/com.st.stm32cube.ide.mcu.externaltools.gnu-tools-for-stm32.10.3-2021.10.win32_1.0.0.202111181127/tools/bin/../lib/gcc/arm-none-eabi/10.3.1/thumb/v7e-m+fp/hard/crti.o
 .data          0x0000000000000000        0x0 d:/stm32cubeide_1.10.1/stm32cubeide/plugins/com.st.stm32cube.ide.mcu.externaltools.gnu-tools-for-stm32.10.3-2021.10.win32_1.0.0.202111181127/tools/bin/../lib/gcc/arm-none-eabi/10.3.1/thumb/v7e-m+fp/hard/crti.o
 .bss           0x0000000000000000        0x0 d:/stm32cubeide_1.10.1/stm32cubeide/plugins/com.st.stm32cube.ide.mcu.externaltools.gnu-tools-for-stm32.10.3-2021.10.win32_1.0.0.202111181127/tools/bin/../lib/gcc/arm-none-eabi/10.3.1/thumb/v7e-m+fp/hard/crti.o
 .data          0x0000000000000000        0x4 d:/stm32cubeide_1.10.1/stm32cubeide/plugins/com.st.stm32cube.ide.mcu.externaltools.gnu-tools-for-stm32.10.3-2021.10.win32_1.0.0.202111181127/tools/bin/../lib/gcc/arm-none-eabi/10.3.1/thumb/v7e-m+fp/hard/crtbegin.o
 .rodata        0x0000000000000000       0x24 d:/stm32cubeide_1.10.1/stm32cubeide/plugins/com.st.stm32cube.ide.mcu.externaltools.gnu-tools-for-stm32.10.3-2021.10.win32_1.0.0.202111181127/tools/bin/../lib/gcc/arm-none-eabi/10.3.1/thumb/v7e-m+fp/hard/crtbegin.o
 .text          0x0000000000000000       0x7c d:/stm32cubeide_1.10.1/stm32cubeide/plugins/com.st.stm32cube.ide.mcu.externaltools.gnu-tools-for-stm32.10.3-2021.10.win32_1.0.0.202111181127/tools/bin/../lib/gcc/arm-none-eabi/10.3.1/../../../../arm-none-eabi/lib/thumb/v7e-m+fp/hard/crt0.o
 .data          0x0000000000000000        0x0 d:/stm32cubeide_1.10.1/stm32cubeide/plugins/com.st.stm32cube.ide.mcu.externaltools.gnu-tools-for-stm32.10.3-2021.10.win32_1.0.0.202111181127/tools/bin/../lib/gcc/arm-none-eabi/10.3.1/../../../../arm-none-eabi/lib/thumb/v7e-m+fp/hard/crt0.o
 .bss           0x0000000000000000        0x0 d:/stm32cubeide_1.10.1/stm32cubeide/plugins/com.st.stm32cube.ide.mcu.externaltools.gnu-tools-for-stm32.10.3-2021.10.win32_1.0.0.202111181127/tools/bin/../lib/gcc/arm-none-eabi/10.3.1/../../../../arm-none-eabi/lib/thumb/v7e-m+fp/hard/crt0.o
[...]
Memory Configuration

Name             Origin             Length             Attributes
RAM              0x0000000020000000 0x0000000000010000 xrw
RAM2             0x0000000010000000 0x0000000000004000 xrw
FLASH            0x0000000008000000 0x0000000000040000 xr
*default*        0x0000000000000000 0xffffffffffffffff

Linker script and memory map

LOAD d:/stm32cubeide_1.10.1/stm32cubeide/plugins/com.st.stm32cube.ide.mcu.externaltools.gnu-tools-for-stm32.10.3-2021.10.win32_1.0.0.202111181127/tools/bin/../lib/gcc/arm-none-eabi/10.3.1/thumb/v7e-m+fp/hard/crti.o
LOAD d:/stm32cubeide_1.10.1/stm32cubeide/plugins/com.st.stm32cube.ide.mcu.externaltools.gnu-tools-for-stm32.10.3-2021.10.win32_1.0.0.202111181127/tools/bin/../lib/gcc/arm-none-eabi/10.3.1/thumb/v7e-m+fp/hard/crtbegin.o
LOAD d:/stm32cubeide_1.10.1/stm32cubeide/plugins/com.st.stm32cube.ide.mcu.externaltools.gnu-tools-for-stm32.10.3-2021.10.win32_1.0.0.202111181127/tools/bin/../lib/gcc/arm-none-eabi/10.3.1/../../../../arm-none-eabi/lib/thumb/v7e-m+fp/hard/crt0.o
LOAD ./Core/Src/main.o
LOAD ./Core/Src/stm32l4xx_hal_msp.o
LOAD ./Core/Src/stm32l4xx_it.o
LOAD ./Core/Src/syscalls.o
LOAD ./Core/Src/sysmem.o
LOAD ./Core/Src/system_stm32l4xx.o
LOAD ./Core/Startup/startup_stm32l432kcux.o
LOAD ./Drivers/STM32L4xx_HAL_Driver/Src/stm32l4xx_hal.o
LOAD ./Drivers/STM32L4xx_HAL_Driver/Src/stm32l4xx_hal_cortex.o
LOAD ./Drivers/STM32L4xx_HAL_Driver/Src/stm32l4xx_hal_dma.o
LOAD ./Drivers/STM32L4xx_HAL_Driver/Src/stm32l4xx_hal_dma_ex.o
LOAD ./Drivers/STM32L4xx_HAL_Driver/Src/stm32l4xx_hal_exti.o
LOAD ./Drivers/STM32L4xx_HAL_Driver/Src/stm32l4xx_hal_flash.o
LOAD ./Drivers/STM32L4xx_HAL_Driver/Src/stm32l4xx_hal_flash_ex.o
LOAD ./Drivers/STM32L4xx_HAL_Driver/Src/stm32l4xx_hal_flash_ramfunc.o
LOAD ./Drivers/STM32L4xx_HAL_Driver/Src/stm32l4xx_hal_gpio.o
LOAD ./Drivers/STM32L4xx_HAL_Driver/Src/stm32l4xx_hal_i2c.o
LOAD ./Drivers/STM32L4xx_HAL_Driver/Src/stm32l4xx_hal_i2c_ex.o
LOAD ./Drivers/STM32L4xx_HAL_Driver/Src/stm32l4xx_hal_pwr.o
LOAD ./Drivers/STM32L4xx_HAL_Driver/Src/stm32l4xx_hal_pwr_ex.o
LOAD ./Drivers/STM32L4xx_HAL_Driver/Src/stm32l4xx_hal_rcc.o
LOAD ./Drivers/STM32L4xx_HAL_Driver/Src/stm32l4xx_hal_rcc_ex.o
LOAD ./Drivers/STM32L4xx_HAL_Driver/Src/stm32l4xx_hal_spi.o
LOAD ./Drivers/STM32L4xx_HAL_Driver/Src/stm32l4xx_hal_spi_ex.o
LOAD ./Drivers/STM32L4xx_HAL_Driver/Src/stm32l4xx_hal_tim.o
LOAD ./Drivers/STM32L4xx_HAL_Driver/Src/stm32l4xx_hal_tim_ex.o
LOAD ./ECUAL/DOT_MATRIX/DOT_MATRIX.o
LOAD ./ECUAL/DOT_MATRIX/DOT_MATRIX_cfg.o
START GROUP
LOAD d:/stm32cubeide_1.10.1/stm32cubeide/plugins/com.st.stm32cube.ide.mcu.externaltools.gnu-tools-for-stm32.10.3-2021.10.win32_1.0.0.202111181127/tools/bin/../lib/gcc/arm-none-eabi/10.3.1/../../../../arm-none-eabi/lib/thumb/v7e-m+fp/hard\libc_nano.a
LOAD d:/stm32cubeide_1.10.1/stm32cubeide/plugins/com.st.stm32cube.ide.mcu.externaltools.gnu-tools-for-stm32.10.3-2021.10.win32_1.0.0.202111181127/tools/bin/../lib/gcc/arm-none-eabi/10.3.1/../../../../arm-none-eabi/lib/thumb/v7e-m+fp/hard\libm.a
END GROUP
START GROUP
LOAD d:/stm32cubeide_1.10.1/stm32cubeide/plugins/com.st.stm32cube.ide.mcu.externaltools.gnu-tools-for-stm32.10.3-2021.10.win32_1.0.0.202111181127/tools/bin/../lib/gcc/arm-none-eabi/10.3.1/thumb/v7e-m+fp/hard\libgcc.a
LOAD d:/stm32cubeide_1.10.1/stm32cubeide/plugins/com.st.stm32cube.ide.mcu.externaltools.gnu-tools-for-stm32.10.3-2021.10.win32_1.0.0.202111181127/tools/bin/../lib/gcc/arm-none-eabi/10.3.1/../../../../arm-none-eabi/lib/thumb/v7e-m+fp/hard\libc_nano.a
END GROUP
START GROUP
LOAD d:/stm32cubeide_1.10.1/stm32cubeide/plugins/com.st.stm32cube.ide.mcu.externaltools.gnu-tools-for-stm32.10.3-2021.10.win32_1.0.0.202111181127/tools/bin/../lib/gcc/arm-none-eabi/10.3.1/thumb/v7e-m+fp/hard\libgcc.a
LOAD d:/stm32cubeide_1.10.1/stm32cubeide/plugins/com.st.stm32cube.ide.mcu.externaltools.gnu-tools-for-stm32.10.3-2021.10.win32_1.0.0.202111181127/tools/bin/../lib/gcc/arm-none-eabi/10.3.1/../../../../arm-none-eabi/lib/thumb/v7e-m+fp/hard\libc_nano.a
LOAD d:/stm32cubeide_1.10.1/stm32cubeide/plugins/com.st.stm32cube.ide.mcu.externaltools.gnu-tools-for-stm32.10.3-2021.10.win32_1.0.0.202111181127/tools/bin/../lib/gcc/arm-none-eabi/10.3.1/../../../../arm-none-eabi/lib/thumb/v7e-m+fp/hard\libnosys.a
END GROUP
START GROUP
LOAD d:/stm32cubeide_1.10.1/stm32cubeide/plugins/com.st.stm32cube.ide.mcu.externaltools.gnu-tools-for-stm32.10.3-2021.10.win32_1.0.0.202111181127/tools/bin/../lib/gcc/arm-none-eabi/10.3.1/thumb/v7e-m+fp/hard\libgcc.a
LOAD d:/stm32cubeide_1.10.1/stm32cubeide/plugins/com.st.stm32cube.ide.mcu.externaltools.gnu-tools-for-stm32.10.3-2021.10.win32_1.0.0.202111181127/tools/bin/../lib/gcc/arm-none-eabi/10.3.1/../../../../arm-none-eabi/lib/thumb/v7e-m+fp/hard\libc_nano.a
LOAD d:/stm32cubeide_1.10.1/stm32cubeide/plugins/com.st.stm32cube.ide.mcu.externaltools.gnu-tools-for-stm32.10.3-2021.10.win32_1.0.0.202111181127/tools/bin/../lib/gcc/arm-none-eabi/10.3.1/../../../../arm-none-eabi/lib/thumb/v7e-m+fp/hard\libnosys.a
END GROUP
LOAD d:/stm32cubeide_1.10.1/stm32cubeide/plugins/com.st.stm32cube.ide.mcu.externaltools.gnu-tools-for-stm32.10.3-2021.10.win32_1.0.0.202111181127/tools/bin/../lib/gcc/arm-none-eabi/10.3.1/thumb/v7e-m+fp/hard/crtend.o
LOAD d:/stm32cubeide_1.10.1/stm32cubeide/plugins/com.st.stm32cube.ide.mcu.externaltools.gnu-tools-for-stm32.10.3-2021.10.win32_1.0.0.202111181127/tools/bin/../lib/gcc/arm-none-eabi/10.3.1/thumb/v7e-m+fp/hard/crtn.o
                0x0000000020010000                _estack = (ORIGIN (RAM) + LENGTH (RAM))
                0x0000000000000200                _Min_Heap_Size = 0x200
                0x0000000000000400                _Min_Stack_Size = 0x400

.isr_vector     0x0000000008000000      0x18c
                0x0000000008000000                . = ALIGN (0x4)
 *(.isr_vector)
 .isr_vector    0x0000000008000000      0x18c ./Core/Startup/startup_stm32l432kcux.o
                0x0000000008000000                g_pfnVectors
                0x000000000800018c                . = ALIGN (0x4)

.text           0x000000000800018c     0x238c
                0x000000000800018c                . = ALIGN (0x4)
 *(.text)
 .text          0x000000000800018c       0x40 d:/stm32cubeide_1.10.1/stm32cubeide/plugins/com.st.stm32cube.ide.mcu.externaltools.gnu-tools-for-stm32.10.3-2021.10.win32_1.0.0.202111181127/tools/bin/../lib/gcc/arm-none-eabi/10.3.1/thumb/v7e-m+fp/hard/crtbegin.o
 *(.text*)
 .text.main     0x00000000080001cc       0x48 ./Core/Src/main.o
                0x00000000080001cc                main
 .text.SystemClock_Config
                0x0000000008000214       0xc4 ./Core/Src/main.o
                0x0000000008000214                SystemClock_Config
 .text.MX_GPIO_Init
                0x00000000080002d8       0x48 ./Core/Src/main.o
 .text.Error_Handler
                0x0000000008000320        0xa ./Core/Src/main.o
                0x0000000008000320                Error_Handler
 *fill*         0x000000000800032a        0x2 
 .text.HAL_MspInit
                0x000000000800032c       0x48 ./Core/Src/stm32l4xx_hal_msp.o
                0x000000000800032c                HAL_MspInit
 .text.HAL_SPI_MspInit
                0x0000000008000374       0x84 ./Core/Src/stm32l4xx_hal_msp.o
                0x0000000008000374                HAL_SPI_MspInit
 .text.NMI_Handler
                0x00000000080003f8        0x6 ./Core/Src/stm32l4xx_it.o
                0x00000000080003f8                NMI_Handler
 .text.HardFault_Handler
                0x00000000080003fe        0x6 ./Core/Src/stm32l4xx_it.o
                0x00000000080003fe                HardFault_Handler
 .text.MemManage_Handler
                0x0000000008000404        0x6 ./Core/Src/stm32l4xx_it.o
                0x0000000008000404                MemManage_Handler
 .text.BusFault_Handler
                0x000000000800040a        0x6 ./Core/Src/stm32l4xx_it.o
                0x000000000800040a                BusFault_Handler
 .text.UsageFault_Handler
                0x0000000008000410        0x6 ./Core/Src/stm32l4xx_it.o
                0x0000000008000410                UsageFault_Handler
 .text.SVC_Handler
                0x0000000008000416        0xe ./Core/Src/stm32l4xx_it.o
                0x0000000008000416                SVC_Handler
 .text.DebugMon_Handler
                0x0000000008000424        0xe ./Core/Src/stm32l4xx_it.o
                0x0000000008000424                DebugMon_Handler
 .text.PendSV_Handler
                0x0000000008000432        0xe ./Core/Src/stm32l4xx_it.o
                0x0000000008000432                PendSV_Handler
 .text.SysTick_Handler
                0x0000000008000440        0xc ./Core/Src/stm32l4xx_it.o
                0x0000000008000440                SysTick_Handler
 .text.SystemInit
                0x000000000800044c       0x24 ./Core/Src/system_stm32l4xx.o
                0x000000000800044c                SystemInit
 .text.Reset_Handler
                0x0000000008000470       0x50 ./Core/Startup/startup_stm32l432kcux.o
                0x0000000008000470                Reset_Handler
 .text.Default_Handler
                0x00000000080004c0        0x2 ./Core/Startup/startup_stm32l432kcux.o
                0x00000000080004c0                RTC_Alarm_IRQHandler
                0x00000000080004c0                EXTI2_IRQHandler
                0x00000000080004c0                TIM1_CC_IRQHandler
                0x00000000080004c0                TSC_IRQHandler
                0x00000000080004c0                TAMP_STAMP_IRQHandler
                0x00000000080004c0                EXTI3_IRQHandler
                0x00000000080004c0                LPTIM2_IRQHandler
                0x00000000080004c0                I2C3_ER_IRQHandler
                0x00000000080004c0                EXTI0_IRQHandler
                0x00000000080004c0                CAN1_RX0_IRQHandler
                0x00000000080004c0                FPU_IRQHandler
                0x00000000080004c0                TIM1_UP_TIM16_IRQHandler
                0x00000000080004c0                SPI1_IRQHandler
                0x00000000080004c0                TIM6_DAC_IRQHandler
                0x00000000080004c0                DMA2_Channel2_IRQHandler
                0x00000000080004c0                DMA1_Channel4_IRQHandler
                0x00000000080004c0                ADC1_IRQHandler
                0x00000000080004c0                DMA1_Channel7_IRQHandler
                0x00000000080004c0                CAN1_RX1_IRQHandler
                0x00000000080004c0                DMA2_Channel1_IRQHandler
                0x00000000080004c0                QUADSPI_IRQHandler
                0x00000000080004c0                I2C1_EV_IRQHandler
                0x00000000080004c0                DMA1_Channel6_IRQHandler
                0x00000000080004c0                DMA2_Channel4_IRQHandler
                0x00000000080004c0                RCC_IRQHandler
                0x00000000080004c0                TIM1_TRG_COM_IRQHandler
                0x00000000080004c0                DMA1_Channel1_IRQHandler
                0x00000000080004c0                Default_Handler
                0x00000000080004c0                DMA2_Channel7_IRQHandler
                0x00000000080004c0                EXTI15_10_IRQHandler
                0x00000000080004c0                TIM7_IRQHandler
                0x00000000080004c0                I2C3_EV_IRQHandler
                0x00000000080004c0                USB_IRQHandler
                0x00000000080004c0                EXTI9_5_IRQHandler
                0x00000000080004c0                RTC_WKUP_IRQHandler
                0x00000000080004c0                PVD_PVM_IRQHandler
                0x00000000080004c0                CAN1_TX_IRQHandler
                0x00000000080004c0                DMA2_Channel5_IRQHandler
                0x00000000080004c0                CRS_IRQHandler
                0x00000000080004c0                DMA1_Channel5_IRQHandler
                0x00000000080004c0                EXTI4_IRQHandler
                0x00000000080004c0                RNG_IRQHandler
                0x00000000080004c0                DMA1_Channel3_IRQHandler
                0x00000000080004c0                COMP_IRQHandler
                0x00000000080004c0                WWDG_IRQHandler
                0x00000000080004c0                LPUART1_IRQHandler
                0x00000000080004c0                DMA2_Channel6_IRQHandler
                0x00000000080004c0                TIM2_IRQHandler
                0x00000000080004c0                EXTI1_IRQHandler
                0x00000000080004c0                USART2_IRQHandler
                0x00000000080004c0                DMA1_Channel2_IRQHandler
                0x00000000080004c0                CAN1_SCE_IRQHandler
                0x00000000080004c0                FLASH_IRQHandler
                0x00000000080004c0                USART1_IRQHandler
                0x00000000080004c0                SPI3_IRQHandler
                0x00000000080004c0                I2C1_ER_IRQHandler
                0x00000000080004c0                SWPMI1_IRQHandler
                0x00000000080004c0                LPTIM1_IRQHandler
                0x00000000080004c0                SAI1_IRQHandler
                0x00000000080004c0                DMA2_Channel3_IRQHandler
                0x00000000080004c0                TIM1_BRK_TIM15_IRQHandler
 .text.HAL_Init
                0x00000000080004c2       0x30 ./Drivers/STM32L4xx_HAL_Driver/Src/stm32l4xx_hal.o
                0x00000000080004c2                HAL_Init
 *fill*         0x00000000080004f2        0x2 
 .text.HAL_InitTick
                0x00000000080004f4       0x78 ./Drivers/STM32L4xx_HAL_Driver/Src/stm32l4xx_hal.o
                0x00000000080004f4                HAL_InitTick
 .text.HAL_IncTick
                0x000000000800056c       0x28 ./Drivers/STM32L4xx_HAL_Driver/Src/stm32l4xx_hal.o
                0x000000000800056c                HAL_IncTick
 .text.HAL_GetTick
                0x0000000008000594       0x18 ./Drivers/STM32L4xx_HAL_Driver/Src/stm32l4xx_hal.o
                0x0000000008000594                HAL_GetTick
 .text.HAL_Delay
                0x00000000080005ac       0x48 ./Drivers/STM32L4xx_HAL_Driver/Src/stm32l4xx_hal.o
                0x00000000080005ac                HAL_Delay
 .text.__NVIC_SetPriorityGrouping
                0x00000000080005f4       0x48 ./Drivers/STM32L4xx_HAL_Driver/Src/stm32l4xx_hal_cortex.o
 .text.__NVIC_GetPriorityGrouping
                0x000000000800063c       0x1c ./Drivers/STM32L4xx_HAL_Driver/Src/stm32l4xx_hal_cortex.o
 .text.__NVIC_SetPriority
                0x0000000008000658       0x54 ./Drivers/STM32L4xx_HAL_Driver/Src/stm32l4xx_hal_cortex.o
 .text.NVIC_EncodePriority
                0x00000000080006ac       0x66 ./Drivers/STM32L4xx_HAL_Driver/Src/stm32l4xx_hal_cortex.o
 *fill*         0x0000000008000712        0x2 
 .text.SysTick_Config
                0x0000000008000714       0x44 ./Drivers/STM32L4xx_HAL_Driver/Src/stm32l4xx_hal_cortex.o
 .text.HAL_NVIC_SetPriorityGrouping
                0x0000000008000758       0x16 ./Drivers/STM32L4xx_HAL_Driver/Src/stm32l4xx_hal_cortex.o
                0x0000000008000758                HAL_NVIC_SetPriorityGrouping
 .text.HAL_NVIC_SetPriority
                0x000000000800076e       0x38 ./Drivers/STM32L4xx_HAL_Driver/Src/stm32l4xx_hal_cortex.o
                0x000000000800076e                HAL_NVIC_SetPriority
 .text.HAL_SYSTICK_Config
                0x00000000080007a6       0x18 ./Drivers/STM32L4xx_HAL_Driver/Src/stm32l4xx_hal_cortex.o
                0x00000000080007a6                HAL_SYSTICK_Config
 *fill*         0x00000000080007be        0x2 
 .text.HAL_GPIO_Init
                0x00000000080007c0      0x2d4 ./Drivers/STM32L4xx_HAL_Driver/Src/stm32l4xx_hal_gpio.o
                0x00000000080007c0                HAL_GPIO_Init
 .text.HAL_GPIO_WritePin
                0x0000000008000a94       0x30 ./Drivers/STM32L4xx_HAL_Driver/Src/stm32l4xx_hal_gpio.o
                0x0000000008000a94                HAL_GPIO_WritePin
 .text.HAL_PWR_EnableBkUpAccess
                0x0000000008000ac4       0x20 ./Drivers/STM32L4xx_HAL_Driver/Src/stm32l4xx_hal_pwr.o
                0x0000000008000ac4                HAL_PWR_EnableBkUpAccess
 .text.HAL_PWREx_GetVoltageRange
                0x0000000008000ae4       0x1c ./Drivers/STM32L4xx_HAL_Driver/Src/stm32l4xx_hal_pwr_ex.o
                0x0000000008000ae4                HAL_PWREx_GetVoltageRange
 .text.HAL_PWREx_ControlVoltageScaling
                0x0000000008000b00       0xac ./Drivers/STM32L4xx_HAL_Driver/Src/stm32l4xx_hal_pwr_ex.o
                0x0000000008000b00                HAL_PWREx_ControlVoltageScaling
 .text.HAL_RCC_OscConfig
                0x0000000008000bac      0x828 ./Drivers/STM32L4xx_HAL_Driver/Src/stm32l4xx_hal_rcc.o
                0x0000000008000bac                HAL_RCC_OscConfig
 .text.HAL_RCC_ClockConfig
                0x00000000080013d4      0x200 ./Drivers/STM32L4xx_HAL_Driver/Src/stm32l4xx_hal_rcc.o
                0x00000000080013d4                HAL_RCC_ClockConfig
 .text.HAL_RCC_GetSysClockFreq
                0x00000000080015d4      0x118 ./Drivers/STM32L4xx_HAL_Driver/Src/stm32l4xx_hal_rcc.o
                0x00000000080015d4                HAL_RCC_GetSysClockFreq
 .text.RCC_SetFlashLatencyFromMSIRange
                0x00000000080016ec       0xc0 ./Drivers/STM32L4xx_HAL_Driver/Src/stm32l4xx_hal_rcc.o
 .text.HAL_RCCEx_EnableMSIPLLMode
                0x00000000080017ac       0x20 ./Drivers/STM32L4xx_HAL_Driver/Src/stm32l4xx_hal_rcc_ex.o
                0x00000000080017ac                HAL_RCCEx_EnableMSIPLLMode
 .text.HAL_SPI_Init
                0x00000000080017cc      0x146 ./Drivers/STM32L4xx_HAL_Driver/Src/stm32l4xx_hal_spi.o
                0x00000000080017cc                HAL_SPI_Init
 .text.HAL_SPI_Transmit
                0x0000000008001912      0x2dc ./Drivers/STM32L4xx_HAL_Driver/Src/stm32l4xx_hal_spi.o
                0x0000000008001912                HAL_SPI_Transmit
 *fill*         0x0000000008001bee        0x2 
 .text.SPI_WaitFlagStateUntilTimeout
                0x0000000008001bf0      0x110 ./Drivers/STM32L4xx_HAL_Driver/Src/stm32l4xx_hal_spi.o
 .text.SPI_WaitFifoStateUntilTimeout
                0x0000000008001d00      0x12c ./Drivers/STM32L4xx_HAL_Driver/Src/stm32l4xx_hal_spi.o
 .text.SPI_EndRxTxTransaction
                0x0000000008001e2c       0x8c ./Drivers/STM32L4xx_HAL_Driver/Src/stm32l4xx_hal_spi.o
 .text.SPI_TX_Byte
                0x0000000008001eb8       0x24 ./ECUAL/DOT_MATRIX/DOT_MATRIX.o
 .text.SS_ENABLE
                0x0000000008001edc       0x40 ./ECUAL/DOT_MATRIX/DOT_MATRIX.o
 .text.SS_DISABLE
                0x0000000008001f1c       0x40 ./ECUAL/DOT_MATRIX/DOT_MATRIX.o
 .text.TxByte   0x0000000008001f5c       0x3a ./ECUAL/DOT_MATRIX/DOT_MATRIX.o
 *fill*         0x0000000008001f96        0x2 
 .text.DOT_MATRIX_Init
                0x0000000008001f98      0x438 ./ECUAL/DOT_MATRIX/DOT_MATRIX.o
                0x0000000008001f98                DOT_MATRIX_Init
 .text.MATRIX_CLEAR
                0x00000000080023d0       0x64 ./ECUAL/DOT_MATRIX/DOT_MATRIX.o
                0x00000000080023d0                MATRIX_CLEAR
 .text.MATRIX_Write_Char
                0x0000000008002434       0x74 ./ECUAL/DOT_MATRIX/DOT_MATRIX.o
                0x0000000008002434                MATRIX_Write_Char
 .text.__libc_init_array
                0x00000000080024a8       0x48 d:/stm32cubeide_1.10.1/stm32cubeide/plugins/com.st.stm32cube.ide.mcu.externaltools.gnu-tools-for-stm32.10.3-2021.10.win32_1.0.0.202111181127/tools/bin/../lib/gcc/arm-none-eabi/10.3.1/../../../../arm-none-eabi/lib/thumb/v7e-m+fp/hard\libc_nano.a(lib_a-init.o)
                0x00000000080024a8                __libc_init_array
 .text.memset   0x00000000080024f0       0x10 d:/stm32cubeide_1.10.1/stm32cubeide/plugins/com.st.stm32cube.ide.mcu.externaltools.gnu-tools-for-stm32.10.3-2021.10.win32_1.0.0.202111181127/tools/bin/../lib/gcc/arm-none-eabi/10.3.1/../../../../arm-none-eabi/lib/thumb/v7e-m+fp/hard\libc_nano.a(lib_a-memset.o)
                0x00000000080024f0                memset
 *(.glue_7)
 .glue_7        0x0000000008002500        0x0 linker stubs
 *(.glue_7t)
 .glue_7t       0x0000000008002500        0x0 linker stubs
 *(.eh_frame)
 .eh_frame      0x0000000008002500        0x0 d:/stm32cubeide_1.10.1/stm32cubeide/plugins/com.st.stm32cube.ide.mcu.externaltools.gnu-tools-for-stm32.10.3-2021.10.win32_1.0.0.202111181127/tools/bin/../lib/gcc/arm-none-eabi/10.3.1/thumb/v7e-m+fp/hard/crtbegin.o
 *(.init)
 .init          0x0000000008002500        0x4 d:/stm32cubeide_1.10.1/stm32cubeide/plugins/com.st.stm32cube.ide.mcu.externaltools.gnu-tools-for-stm32.10.3-2021.10.win32_1.0.0.202111181127/tools/bin/../lib/gcc/arm-none-eabi/10.3.1/thumb/v7e-m+fp/hard/crti.o
                0x0000000008002500                _init
 .init          0x0000000008002504        0x8 d:/stm32cubeide_1.10.1/stm32cubeide/plugins/com.st.stm32cube.ide.mcu.externaltools.gnu-tools-for-stm32.10.3-2021.10.win32_1.0.0.202111181127/tools/bin/../lib/gcc/arm-none-eabi/10.3.1/thumb/v7e-m+fp/hard/crtn.o
 *(.fini)
 .fini          0x000000000800250c        0x4 d:/stm32cubeide_1.10.1/stm32cubeide/plugins/com.st.stm32cube.ide.mcu.externaltools.gnu-tools-for-stm32.10.3-2021.10.win32_1.0.0.202111181127/tools/bin/../lib/gcc/arm-none-eabi/10.3.1/thumb/v7e-m+fp/hard/crti.o
                0x000000000800250c                _fini
 .fini          0x0000000008002510        0x8 d:/stm32cubeide_1.10.1/stm32cubeide/plugins/com.st.stm32cube.ide.mcu.externaltools.gnu-tools-for-stm32.10.3-2021.10.win32_1.0.0.202111181127/tools/bin/../lib/gcc/arm-none-eabi/10.3.1/thumb/v7e-m+fp/hard/crtn.o
                0x0000000008002518                . = ALIGN (0x4)
                0x0000000008002518                _etext = .

.vfp11_veneer   0x0000000008002518        0x0
 .vfp11_veneer  0x0000000008002518        0x0 linker stubs

.v4_bx          0x0000000008002518        0x0
 .v4_bx         0x0000000008002518        0x0 linker stubs

.iplt           0x0000000008002518        0x0
 .iplt          0x0000000008002518        0x0 d:/stm32cubeide_1.10.1/stm32cubeide/plugins/com.st.stm32cube.ide.mcu.externaltools.gnu-tools-for-stm32.10.3-2021.10.win32_1.0.0.202111181127/tools/bin/../lib/gcc/arm-none-eabi/10.3.1/thumb/v7e-m+fp/hard/crtbegin.o

.rodata         0x0000000008002518       0x4c
                0x0000000008002518                . = ALIGN (0x4)
 *(.rodata)
 *(.rodata*)
 .rodata.AHBPrescTable
                0x0000000008002518       0x10 ./Core/Src/system_stm32l4xx.o
                0x0000000008002518                AHBPrescTable
 .rodata.MSIRangeTable
                0x0000000008002528       0x30 ./Core/Src/system_stm32l4xx.o
                0x0000000008002528                MSIRangeTable
 .rodata.DOT_MATRIX_CfgParam
                0x0000000008002558        0xc ./ECUAL/DOT_MATRIX/DOT_MATRIX_cfg.o
                0x0000000008002558                DOT_MATRIX_CfgParam
                0x0000000008002564                . = ALIGN (0x4)

.rel.dyn        0x0000000008002564        0x0
 .rel.iplt      0x0000000008002564        0x0 d:/stm32cubeide_1.10.1/stm32cubeide/plugins/com.st.stm32cube.ide.mcu.externaltools.gnu-tools-for-stm32.10.3-2021.10.win32_1.0.0.202111181127/tools/bin/../lib/gcc/arm-none-eabi/10.3.1/thumb/v7e-m+fp/hard/crtbegin.o

.ARM.extab      0x0000000008002564        0x0
                0x0000000008002564                . = ALIGN (0x4)
 *(.ARM.extab* .gnu.linkonce.armextab.*)
                0x0000000008002564                . = ALIGN (0x4)

.ARM            0x0000000008002564        0x0
                0x0000000008002564                . = ALIGN (0x4)
                0x0000000008002564                __exidx_start = .
 *(.ARM.exidx*)
                0x0000000008002564                __exidx_end = .
                0x0000000008002564                . = ALIGN (0x4)

.preinit_array  0x0000000008002564        0x0
                0x0000000008002564                . = ALIGN (0x4)
                0x0000000008002564                PROVIDE (__preinit_array_start = .)
 *(.preinit_array*)
                0x0000000008002564                PROVIDE (__preinit_array_end = .)
                0x0000000008002564                . = ALIGN (0x4)

.init_array     0x0000000008002564        0x4
                0x0000000008002564                . = ALIGN (0x4)
                0x0000000008002564                PROVIDE (__init_array_start = .)
 *(SORT_BY_NAME(.init_array.*))
 *(.init_array*)
 .init_array    0x0000000008002564        0x4 d:/stm32cubeide_1.10.1/stm32cubeide/plugins/com.st.stm32cube.ide.mcu.externaltools.gnu-tools-for-stm32.10.3-2021.10.win32_1.0.0.202111181127/tools/bin/../lib/gcc/arm-none-eabi/10.3.1/thumb/v7e-m+fp/hard/crtbegin.o
                0x0000000008002568                PROVIDE (__init_array_end = .)
                0x0000000008002568                . = ALIGN (0x4)

.fini_array     0x0000000008002568        0x4
                0x0000000008002568                . = ALIGN (0x4)
                [!provide]                        PROVIDE (__fini_array_start = .)
 *(SORT_BY_NAME(.fini_array.*))
 *(.fini_array*)
 .fini_array    0x0000000008002568        0x4 d:/stm32cubeide_1.10.1/stm32cubeide/plugins/com.st.stm32cube.ide.mcu.externaltools.gnu-tools-for-stm32.10.3-2021.10.win32_1.0.0.202111181127/tools/bin/../lib/gcc/arm-none-eabi/10.3.1/thumb/v7e-m+fp/hard/crtbegin.o
                [!provide]                        PROVIDE (__fini_array_end = .)
                0x000000000800256c                . = ALIGN (0x4)
                0x000000000800256c                _sidata = LOADADDR (.data)

.data           0x0000000020000000      0x1ec load address 0x000000000800256c
                0x0000000020000000                . = ALIGN (0x4)
                0x0000000020000000                _sdata = .
 *(.data)
 *(.data*)
 .data.SystemCoreClock
                0x0000000020000000        0x4 ./Core/Src/system_stm32l4xx.o
                0x0000000020000000                SystemCoreClock
 .data.uwTickPrio
                0x0000000020000004        0x4 ./Drivers/STM32L4xx_HAL_Driver/Src/stm32l4xx_hal.o
                0x0000000020000004                uwTickPrio
 .data.uwTickFreq
                0x0000000020000008        0x1 ./Drivers/STM32L4xx_HAL_Driver/Src/stm32l4xx_hal.o
                0x0000000020000008                uwTickFreq
 *fill*         0x0000000020000009        0x3 
 .data.FONT_7x5
                0x000000002000000c      0x1e0 ./ECUAL/DOT_MATRIX/DOT_MATRIX.o
                0x000000002000000c                FONT_7x5
 *(.RamFunc)
 *(.RamFunc*)
                0x00000000200001ec                . = ALIGN (0x4)
                0x00000000200001ec                _edata = .

.igot.plt       0x00000000200001ec        0x0 load address 0x0000000008002758
 .igot.plt      0x00000000200001ec        0x0 d:/stm32cubeide_1.10.1/stm32cubeide/plugins/com.st.stm32cube.ide.mcu.externaltools.gnu-tools-for-stm32.10.3-2021.10.win32_1.0.0.202111181127/tools/bin/../lib/gcc/arm-none-eabi/10.3.1/thumb/v7e-m+fp/hard/crtbegin.o
                0x00000000200001ec                . = ALIGN (0x4)

.bss            0x00000000200001ec       0xa4 load address 0x0000000008002758
                0x00000000200001ec                _sbss = .
                0x00000000200001ec                __bss_start__ = _sbss
 *(.bss)
 .bss           0x00000000200001ec       0x1c d:/stm32cubeide_1.10.1/stm32cubeide/plugins/com.st.stm32cube.ide.mcu.externaltools.gnu-tools-for-stm32.10.3-2021.10.win32_1.0.0.202111181127/tools/bin/../lib/gcc/arm-none-eabi/10.3.1/thumb/v7e-m+fp/hard/crtbegin.o
 *(.bss*)
 .bss.hspi1     0x0000000020000208       0x64 ./Core/Src/main.o
                0x0000000020000208                hspi1
 .bss.uwTick    0x000000002000026c        0x4 ./Drivers/STM32L4xx_HAL_Driver/Src/stm32l4xx_hal.o
                0x000000002000026c                uwTick
 .bss.g_hspi    0x0000000020000270        0x4 ./ECUAL/DOT_MATRIX/DOT_MATRIX.o
                0x0000000020000270                g_hspi
 .bss.gs_MATRIX_info
                0x0000000020000274       0x1c ./ECUAL/DOT_MATRIX/DOT_MATRIX.o
 *(COMMON)
                0x0000000020000290                . = ALIGN (0x4)
                0x0000000020000290                _ebss = .
                0x0000000020000290                __bss_end__ = _ebss

._user_heap_stack
                0x0000000020000290      0x600 load address 0x0000000008002758
                0x0000000020000290                . = ALIGN (0x8)
                [!provide]                        PROVIDE (end = .)
                0x0000000020000290                PROVIDE (_end = .)
                0x0000000020000490                . = (. + _Min_Heap_Size)
 *fill*         0x0000000020000290      0x200 
                0x0000000020000890                . = (. + _Min_Stack_Size)
 *fill*         0x0000000020000490      0x400 
                0x0000000020000890                . = ALIGN (0x8)

/DISCARD/
 libc.a(*)
 libm.a(*)
 libgcc.a(*)

.ARM.attributes
                0x0000000000000000       0x30
 *(.ARM.attributes)
 .ARM.attributes
                0x0000000000000000       0x1e d:/stm32cubeide_1.10.1/stm32cubeide/plugins/com.st.stm32cube.ide.mcu.externaltools.gnu-tools-for-stm32.10.3-2021.10.win32_1.0.0.202111181127/tools/bin/../lib/gcc/arm-none-eabi/10.3.1/thumb/v7e-m+fp/hard/crti.o
 .ARM.attributes
                0x000000000000001e       0x34 d:/stm32cubeide_1.10.1/stm32cubeide/plugins/com.st.stm32cube.ide.mcu.externaltools.gnu-tools-for-stm32.10.3-2021.10.win32_1.0.0.202111181127/tools/bin/../lib/gcc/arm-none-eabi/10.3.1/thumb/v7e-m+fp/hard/crtbegin.o
 .ARM.attributes
                0x0000000000000052       0x34 ./Core/Src/main.o
 .ARM.attributes
                0x0000000000000086       0x34 ./Core/Src/stm32l4xx_hal_msp.o
 .ARM.attributes
                0x00000000000000ba       0x34 ./Core/Src/stm32l4xx_it.o
 .ARM.attributes
                0x00000000000000ee       0x34 ./Core/Src/system_stm32l4xx.o
 .ARM.attributes
                0x0000000000000122       0x21 ./Core/Startup/startup_stm32l432kcux.o
 .ARM.attributes
                0x0000000000000143       0x34 ./Drivers/STM32L4xx_HAL_Driver/Src/stm32l4xx_hal.o
 .ARM.attributes
                0x0000000000000177       0x34 ./Drivers/STM32L4xx_HAL_Driver/Src/stm32l4xx_hal_cortex.o
 .ARM.attributes
                0x00000000000001ab       0x34 ./Drivers/STM32L4xx_HAL_Driver/Src/stm32l4xx_hal_gpio.o
 .ARM.attributes
                0x00000000000001df       0x34 ./Drivers/STM32L4xx_HAL_Driver/Src/stm32l4xx_hal_pwr.o
 .ARM.attributes
                0x0000000000000213       0x34 ./Drivers/STM32L4xx_HAL_Driver/Src/stm32l4xx_hal_pwr_ex.o
 .ARM.attributes
                0x0000000000000247       0x34 ./Drivers/STM32L4xx_HAL_Driver/Src/stm32l4xx_hal_rcc.o
 .ARM.attributes
                0x000000000000027b       0x34 ./Drivers/STM32L4xx_HAL_Driver/Src/stm32l4xx_hal_rcc_ex.o
 .ARM.attributes
                0x00000000000002af       0x34 ./Drivers/STM32L4xx_HAL_Driver/Src/stm32l4xx_hal_spi.o
 .ARM.attributes
                0x00000000000002e3       0x34 ./ECUAL/DOT_MATRIX/DOT_MATRIX.o
 .ARM.attributes
                0x0000000000000317       0x34 ./ECUAL/DOT_MATRIX/DOT_MATRIX_cfg.o
 .ARM.attributes
                0x000000000000034b       0x34 d:/stm32cubeide_1.10.1/stm32cubeide/plugins/com.st.stm32cube.ide.mcu.externaltools.gnu-tools-for-stm32.10.3-2021.10.win32_1.0.0.202111181127/tools/bin/../lib/gcc/arm-none-eabi/10.3.1/../../../../arm-none-eabi/lib/thumb/v7e-m+fp/hard\libc_nano.a(lib_a-init.o)
 .ARM.attributes
                0x000000000000037f       0x34 d:/stm32cubeide_1.10.1/stm32cubeide/plugins/com.st.stm32cube.ide.mcu.externaltools.gnu-tools-for-stm32.10.3-2021.10.win32_1.0.0.202111181127/tools/bin/../lib/gcc/arm-none-eabi/10.3.1/../../../../arm-none-eabi/lib/thumb/v7e-m+fp/hard\libc_nano.a(lib_a-memset.o)
 .ARM.attributes
                0x00000000000003b3       0x1e d:/stm32cubeide_1.10.1/stm32cubeide/plugins/com.st.stm32cube.ide.mcu.externaltools.gnu-tools-for-stm32.10.3-2021.10.win32_1.0.0.202111181127/tools/bin/../lib/gcc/arm-none-eabi/10.3.1/thumb/v7e-m+fp/hard/crtn.o
OUTPUT(LAB_8.elf elf32-littlearm)
LOAD linker stubs
LOAD d:/stm32cubeide_1.10.1/stm32cubeide/plugins/com.st.stm32cube.ide.mcu.externaltools.gnu-tools-for-stm32.10.3-2021.10.win32_1.0.0.202111181127/tools/bin/../lib/gcc/arm-none-eabi/10.3.1/../../../../arm-none-eabi/lib/thumb/v7e-m+fp/hard\libc.a
LOAD d:/stm32cubeide_1.10.1/stm32cubeide/plugins/com.st.stm32cube.ide.mcu.externaltools.gnu-tools-for-stm32.10.3-2021.10.win32_1.0.0.202111181127/tools/bin/../lib/gcc/arm-none-eabi/10.3.1/../../../../arm-none-eabi/lib/thumb/v7e-m+fp/hard\libm.a
LOAD d:/stm32cubeide_1.10.1/stm32cubeide/plugins/com.st.stm32cube.ide.mcu.externaltools.gnu-tools-for-stm32.10.3-2021.10.win32_1.0.0.202111181127/tools/bin/../lib/gcc/arm-none-eabi/10.3.1/thumb/v7e-m+fp/hard\libgcc.a

.debug_info     0x0000000000000000     0x9fb8
 .debug_info    0x0000000000000000      0xeed ./Core/Src/main.o
 .debug_info    0x0000000000000eed      0xe1b ./Core/Src/stm32l4xx_hal_msp.o
 .debug_info    0x0000000000001d08      0x122 ./Core/Src/stm32l4xx_it.o
 .debug_info    0x0000000000001e2a      0x5d4 ./Core/Src/system_stm32l4xx.o
 .debug_info    0x00000000000023fe       0x22 ./Core/Startup/startup_stm32l432kcux.o
 .debug_info    0x0000000000002420      0x9da ./Drivers/STM32L4xx_HAL_Driver/Src/stm32l4xx_hal.o
 .debug_info    0x0000000000002dfa      0xda3 ./Drivers/STM32L4xx_HAL_Driver/Src/stm32l4xx_hal_cortex.o
 .debug_info    0x0000000000003b9d      0x821 ./Drivers/STM32L4xx_HAL_Driver/Src/stm32l4xx_hal_gpio.o
 .debug_info    0x00000000000043be      0x95e ./Drivers/STM32L4xx_HAL_Driver/Src/stm32l4xx_hal_pwr.o
 .debug_info    0x0000000000004d1c      0x96b ./Drivers/STM32L4xx_HAL_Driver/Src/stm32l4xx_hal_pwr_ex.o
 .debug_info    0x0000000000005687      0xc97 ./Drivers/STM32L4xx_HAL_Driver/Src/stm32l4xx_hal_rcc.o
 .debug_info    0x000000000000631e      0xf5b ./Drivers/STM32L4xx_HAL_Driver/Src/stm32l4xx_hal_rcc_ex.o
 .debug_info    0x0000000000007279     0x1782 ./Drivers/STM32L4xx_HAL_Driver/Src/stm32l4xx_hal_spi.o
 .debug_info    0x00000000000089fb     0x13b2 ./ECUAL/DOT_MATRIX/DOT_MATRIX.o
 .debug_info    0x0000000000009dad      0x20b ./ECUAL/DOT_MATRIX/DOT_MATRIX_cfg.o

.debug_abbrev   0x0000000000000000     0x1b8b
 .debug_abbrev  0x0000000000000000      0x26a ./Core/Src/main.o
 .debug_abbrev  0x000000000000026a      0x1c3 ./Core/Src/stm32l4xx_hal_msp.o
 .debug_abbrev  0x000000000000042d       0x74 ./Core/Src/stm32l4xx_it.o
 .debug_abbrev  0x00000000000004a1      0x116 ./Core/Src/system_stm32l4xx.o
 .debug_abbrev  0x00000000000005b7       0x12 ./Core/Startup/startup_stm32l432kcux.o
 .debug_abbrev  0x00000000000005c9      0x21e ./Drivers/STM32L4xx_HAL_Driver/Src/stm32l4xx_hal.o
 .debug_abbrev  0x00000000000007e7      0x316 ./Drivers/STM32L4xx_HAL_Driver/Src/stm32l4xx_hal_cortex.o
 .debug_abbrev  0x0000000000000afd      0x1bb ./Drivers/STM32L4xx_HAL_Driver/Src/stm32l4xx_hal_gpio.o
 .debug_abbrev  0x0000000000000cb8      0x1c9 ./Drivers/STM32L4xx_HAL_Driver/Src/stm32l4xx_hal_pwr.o
 .debug_abbrev  0x0000000000000e81      0x1f3 ./Drivers/STM32L4xx_HAL_Driver/Src/stm32l4xx_hal_pwr_ex.o
 .debug_abbrev  0x0000000000001074      0x2bd ./Drivers/STM32L4xx_HAL_Driver/Src/stm32l4xx_hal_rcc.o
 .debug_abbrev  0x0000000000001331      0x299 ./Drivers/STM32L4xx_HAL_Driver/Src/stm32l4xx_hal_rcc_ex.o
 .debug_abbrev  0x00000000000015ca      0x254 ./Drivers/STM32L4xx_HAL_Driver/Src/stm32l4xx_hal_spi.o
 .debug_abbrev  0x000000000000181e      0x299 ./ECUAL/DOT_MATRIX/DOT_MATRIX.o
 .debug_abbrev  0x0000000000001ab7       0xd4 ./ECUAL/DOT_MATRIX/DOT_MATRIX_cfg.o

.debug_aranges  0x0000000000000000      0x958
 .debug_aranges
                0x0000000000000000       0x38 ./Core/Src/main.o
 .debug_aranges
                0x0000000000000038       0x40 ./Core/Src/stm32l4xx_hal_msp.o
 .debug_aranges
                0x0000000000000078       0x60 ./Core/Src/stm32l4xx_it.o
 .debug_aranges
                0x00000000000000d8       0x28 ./Core/Src/system_stm32l4xx.o
 .debug_aranges
                0x0000000000000100       0x28 ./Core/Startup/startup_stm32l432kcux.o
 .debug_aranges
                0x0000000000000128      0x108 ./Drivers/STM32L4xx_HAL_Driver/Src/stm32l4xx_hal.o
 .debug_aranges
                0x0000000000000230      0x118 ./Drivers/STM32L4xx_HAL_Driver/Src/stm32l4xx_hal_cortex.o
 .debug_aranges
                0x0000000000000348       0x58 ./Drivers/STM32L4xx_HAL_Driver/Src/stm32l4xx_hal_gpio.o
 .debug_aranges
                0x00000000000003a0       0x98 ./Drivers/STM32L4xx_HAL_Driver/Src/stm32l4xx_hal_pwr.o
 .debug_aranges
                0x0000000000000438      0x128 ./Drivers/STM32L4xx_HAL_Driver/Src/stm32l4xx_hal_pwr_ex.o
 .debug_aranges
                0x0000000000000560       0x90 ./Drivers/STM32L4xx_HAL_Driver/Src/stm32l4xx_hal_rcc.o
 .debug_aranges
                0x00000000000005f0       0xf0 ./Drivers/STM32L4xx_HAL_Driver/Src/stm32l4xx_hal_rcc_ex.o
 .debug_aranges
                0x00000000000006e0      0x1d8 ./Drivers/STM32L4xx_HAL_Driver/Src/stm32l4xx_hal_spi.o
 .debug_aranges
                0x00000000000008b8       0x88 ./ECUAL/DOT_MATRIX/DOT_MATRIX.o
 .debug_aranges
                0x0000000000000940       0x18 ./ECUAL/DOT_MATRIX/DOT_MATRIX_cfg.o

.debug_ranges   0x0000000000000000      0x868
 .debug_ranges  0x0000000000000000       0x28 ./Core/Src/main.o
 .debug_ranges  0x0000000000000028       0x30 ./Core/Src/stm32l4xx_hal_msp.o
 .debug_ranges  0x0000000000000058       0x50 ./Core/Src/stm32l4xx_it.o
 .debug_ranges  0x00000000000000a8       0x18 ./Core/Src/system_stm32l4xx.o
 .debug_ranges  0x00000000000000c0       0x20 ./Core/Startup/startup_stm32l432kcux.o
 .debug_ranges  0x00000000000000e0       0xf8 ./Drivers/STM32L4xx_HAL_Driver/Src/stm32l4xx_hal.o
 .debug_ranges  0x00000000000001d8      0x108 ./Drivers/STM32L4xx_HAL_Driver/Src/stm32l4xx_hal_cortex.o
 .debug_ranges  0x00000000000002e0       0x48 ./Drivers/STM32L4xx_HAL_Driver/Src/stm32l4xx_hal_gpio.o
 .debug_ranges  0x0000000000000328       0x88 ./Drivers/STM32L4xx_HAL_Driver/Src/stm32l4xx_hal_pwr.o
 .debug_ranges  0x00000000000003b0      0x118 ./Drivers/STM32L4xx_HAL_Driver/Src/stm32l4xx_hal_pwr_ex.o
 .debug_ranges  0x00000000000004c8       0x80 ./Drivers/STM32L4xx_HAL_Driver/Src/stm32l4xx_hal_rcc.o
 .debug_ranges  0x0000000000000548       0xe0 ./Drivers/STM32L4xx_HAL_Driver/Src/stm32l4xx_hal_rcc_ex.o
 .debug_ranges  0x0000000000000628      0x1c8 ./Drivers/STM32L4xx_HAL_Driver/Src/stm32l4xx_hal_spi.o
 .debug_ranges  0x00000000000007f0       0x78 ./ECUAL/DOT_MATRIX/DOT_MATRIX.o

.debug_macro    0x0000000000000000    0x1ffca
 .debug_macro   0x0000000000000000      0x1fd ./Core/Src/main.o
 .debug_macro   0x00000000000001fd      0xa78 ./Core/Src/main.o
 .debug_macro   0x0000000000000c75      0x1ad ./Core/Src/main.o
 .debug_macro   0x0000000000000e22       0x2e ./Core/Src/main.o
 .debug_macro   0x0000000000000e50       0x28 ./Core/Src/main.o
 .debug_macro   0x0000000000000e78       0x22 ./Core/Src/main.o
 .debug_macro   0x0000000000000e9a       0x8e ./Core/Src/main.o
 .debug_macro   0x0000000000000f28       0x51 ./Core/Src/main.o
 .debug_macro   0x0000000000000f79      0x103 ./Core/Src/main.o
 .debug_macro   0x000000000000107c       0x6a ./Core/Src/main.o
 .debug_macro   0x00000000000010e6      0x1df ./Core/Src/main.o
 .debug_macro   0x00000000000012c5       0x1c ./Core/Src/main.o
 .debug_macro   0x00000000000012e1       0x22 ./Core/Src/main.o
 .debug_macro   0x0000000000001303       0xfb ./Core/Src/main.o
 .debug_macro   0x00000000000013fe     0x1011 ./Core/Src/main.o
 .debug_macro   0x000000000000240f      0x11f ./Core/Src/main.o
 .debug_macro   0x000000000000252e    0x147a6 ./Core/Src/main.o
 .debug_macro   0x0000000000016cd4       0x6d ./Core/Src/main.o
 .debug_macro   0x0000000000016d41     0x38e6 ./Core/Src/main.o
 .debug_macro   0x000000000001a627      0x174 ./Core/Src/main.o
 .debug_macro   0x000000000001a79b       0x5c ./Core/Src/main.o
 .debug_macro   0x000000000001a7f7     0x11ca ./Core/Src/main.o
 .debug_macro   0x000000000001b9c1      0x53c ./Core/Src/main.o
 .debug_macro   0x000000000001befd      0x1b9 ./Core/Src/main.o
 .debug_macro   0x000000000001c0b6      0x122 ./Core/Src/main.o
 .debug_macro   0x000000000001c1d8      0x26b ./Core/Src/main.o
 .debug_macro   0x000000000001c443      0x23d ./Core/Src/main.o
 .debug_macro   0x000000000001c680      0x241 ./Core/Src/main.o
 .debug_macro   0x000000000001c8c1      0x375 ./Core/Src/main.o
 .debug_macro   0x000000000001cc36       0xd6 ./Core/Src/main.o
 .debug_macro   0x000000000001cd0c      0x22c ./Core/Src/main.o
 .debug_macro   0x000000000001cf38       0x61 ./Core/Src/main.o
 .debug_macro   0x000000000001cf99       0xa5 ./Core/Src/main.o
 .debug_macro   0x000000000001d03e      0x122 ./Core/Src/main.o
 .debug_macro   0x000000000001d160      0x356 ./Core/Src/main.o
 .debug_macro   0x000000000001d4b6      0x2fe ./Core/Src/main.o
 .debug_macro   0x000000000001d7b4      0xa91 ./Core/Src/main.o
 .debug_macro   0x000000000001e245      0x12d ./Core/Src/main.o
 .debug_macro   0x000000000001e372      0x220 ./Core/Src/main.o
 .debug_macro   0x000000000001e592       0x3a ./Core/Src/main.o
 .debug_macro   0x000000000001e5cc      0x1e4 ./Core/Src/stm32l4xx_hal_msp.o
 .debug_macro   0x000000000001e7b0      0x1ee ./Core/Src/stm32l4xx_it.o
 .debug_macro   0x000000000001e99e      0x1da ./Core/Src/system_stm32l4xx.o
 .debug_macro   0x000000000001eb78      0x222 ./Drivers/STM32L4xx_HAL_Driver/Src/stm32l4xx_hal.o
 .debug_macro   0x000000000001ed9a      0x1da ./Drivers/STM32L4xx_HAL_Driver/Src/stm32l4xx_hal_cortex.o
 .debug_macro   0x000000000001ef74      0x1e1 ./Drivers/STM32L4xx_HAL_Driver/Src/stm32l4xx_hal_gpio.o
 .debug_macro   0x000000000001f155      0x1f2 ./Drivers/STM32L4xx_HAL_Driver/Src/stm32l4xx_hal_pwr.o
 .debug_macro   0x000000000001f347      0x1fe ./Drivers/STM32L4xx_HAL_Driver/Src/stm32l4xx_hal_pwr_ex.o
 .debug_macro   0x000000000001f545      0x21c ./Drivers/STM32L4xx_HAL_Driver/Src/stm32l4xx_hal_rcc.o
 .debug_macro   0x000000000001f761      0x210 ./Drivers/STM32L4xx_HAL_Driver/Src/stm32l4xx_hal_rcc_ex.o
 .debug_macro   0x000000000001f971      0x1e2 ./Drivers/STM32L4xx_HAL_Driver/Src/stm32l4xx_hal_spi.o
 .debug_macro   0x000000000001fb53      0x1f3 ./ECUAL/DOT_MATRIX/DOT_MATRIX.o
 .debug_macro   0x000000000001fd46       0x2e ./ECUAL/DOT_MATRIX/DOT_MATRIX.o
 .debug_macro   0x000000000001fd74       0x6d ./ECUAL/DOT_MATRIX/DOT_MATRIX.o
 .debug_macro   0x000000000001fde1      0x1e9 ./ECUAL/DOT_MATRIX/DOT_MATRIX_cfg.o

.debug_line     0x0000000000000000     0xa9b6
 .debug_line    0x0000000000000000      0x7c3 ./Core/Src/main.o
 .debug_line    0x00000000000007c3      0x764 ./Core/Src/stm32l4xx_hal_msp.o
 .debug_line    0x0000000000000f27      0x7a2 ./Core/Src/stm32l4xx_it.o
 .debug_line    0x00000000000016c9      0x777 ./Core/Src/system_stm32l4xx.o
 .debug_line    0x0000000000001e40       0x88 ./Core/Startup/startup_stm32l432kcux.o
 .debug_line    0x0000000000001ec8      0xa3c ./Drivers/STM32L4xx_HAL_Driver/Src/stm32l4xx_hal.o
 .debug_line    0x0000000000002904      0xc76 ./Drivers/STM32L4xx_HAL_Driver/Src/stm32l4xx_hal_cortex.o
 .debug_line    0x000000000000357a      0xac6 ./Drivers/STM32L4xx_HAL_Driver/Src/stm32l4xx_hal_gpio.o
 .debug_line    0x0000000000004040      0x8ac ./Drivers/STM32L4xx_HAL_Driver/Src/stm32l4xx_hal_pwr.o
 .debug_line    0x00000000000048ec      0xbce ./Drivers/STM32L4xx_HAL_Driver/Src/stm32l4xx_hal_pwr_ex.o
 .debug_line    0x00000000000054ba      0xf87 ./Drivers/STM32L4xx_HAL_Driver/Src/stm32l4xx_hal_rcc.o
 .debug_line    0x0000000000006441     0x12a1 ./Drivers/STM32L4xx_HAL_Driver/Src/stm32l4xx_hal_rcc_ex.o
 .debug_line    0x00000000000076e2     0x1f09 ./Drivers/STM32L4xx_HAL_Driver/Src/stm32l4xx_hal_spi.o
 .debug_line    0x00000000000095eb      0xcea ./ECUAL/DOT_MATRIX/DOT_MATRIX.o
 .debug_line    0x000000000000a2d5      0x6e1 ./ECUAL/DOT_MATRIX/DOT_MATRIX_cfg.o

.debug_str      0x0000000000000000    0xc3c13
 .debug_str     0x0000000000000000    0xc11ea ./Core/Src/main.o
                                      0xc1560 (size before relaxing)
 .debug_str     0x00000000000c11ea      0x104 ./Core/Src/stm32l4xx_hal_msp.o
                                      0xc130b (size before relaxing)
 .debug_str     0x00000000000c12ee       0xc9 ./Core/Src/stm32l4xx_it.o
                                      0xc0a51 (size before relaxing)
 .debug_str     0x00000000000c13b7       0xf2 ./Core/Src/system_stm32l4xx.o
                                      0xc0be2 (size before relaxing)
 .debug_str     0x00000000000c14a9       0x36 ./Core/Startup/startup_stm32l432kcux.o
                                         0x55 (size before relaxing)
 .debug_str     0x00000000000c14df      0x8f5 ./Drivers/STM32L4xx_HAL_Driver/Src/stm32l4xx_hal.o
                                      0xc156f (size before relaxing)
 .debug_str     0x00000000000c1dd4      0x344 ./Drivers/STM32L4xx_HAL_Driver/Src/stm32l4xx_hal_cortex.o
                                      0xc1310 (size before relaxing)
 .debug_str     0x00000000000c2118      0x164 ./Drivers/STM32L4xx_HAL_Driver/Src/stm32l4xx_hal_gpio.o
                                      0xc0d56 (size before relaxing)
 .debug_str     0x00000000000c227c      0x333 ./Drivers/STM32L4xx_HAL_Driver/Src/stm32l4xx_hal_pwr.o
                                      0xc0f2c (size before relaxing)
 .debug_str     0x00000000000c25af      0x364 ./Drivers/STM32L4xx_HAL_Driver/Src/stm32l4xx_hal_pwr_ex.o
                                      0xc108a (size before relaxing)
 .debug_str     0x00000000000c2913      0x38c ./Drivers/STM32L4xx_HAL_Driver/Src/stm32l4xx_hal_rcc.o
                                      0xc11e2 (size before relaxing)
 .debug_str     0x00000000000c2c9f      0x6aa ./Drivers/STM32L4xx_HAL_Driver/Src/stm32l4xx_hal_rcc_ex.o
                                      0xc1442 (size before relaxing)
 .debug_str     0x00000000000c3349      0x5bf ./Drivers/STM32L4xx_HAL_Driver/Src/stm32l4xx_hal_spi.o
                                      0xc1400 (size before relaxing)
 .debug_str     0x00000000000c3908      0x2e6 ./ECUAL/DOT_MATRIX/DOT_MATRIX.o
                                      0xc16e6 (size before relaxing)
 .debug_str     0x00000000000c3bee       0x25 ./ECUAL/DOT_MATRIX/DOT_MATRIX_cfg.o
                                      0xc0b2a (size before relaxing)

.comment        0x0000000000000000       0x50
 .comment       0x0000000000000000       0x50 ./Core/Src/main.o
                                         0x51 (size before relaxing)
 .comment       0x0000000000000050       0x51 ./Core/Src/stm32l4xx_hal_msp.o
 .comment       0x0000000000000050       0x51 ./Core/Src/stm32l4xx_it.o
 .comment       0x0000000000000050       0x51 ./Core/Src/system_stm32l4xx.o
 .comment       0x0000000000000050       0x51 ./Drivers/STM32L4xx_HAL_Driver/Src/stm32l4xx_hal.o
 .comment       0x0000000000000050       0x51 ./Drivers/STM32L4xx_HAL_Driver/Src/stm32l4xx_hal_cortex.o
 .comment       0x0000000000000050       0x51 ./Drivers/STM32L4xx_HAL_Driver/Src/stm32l4xx_hal_gpio.o
 .comment       0x0000000000000050       0x51 ./Drivers/STM32L4xx_HAL_Driver/Src/stm32l4xx_hal_pwr.o
 .comment       0x0000000000000050       0x51 ./Drivers/STM32L4xx_HAL_Driver/Src/stm32l4xx_hal_pwr_ex.o
 .comment       0x0000000000000050       0x51 ./Drivers/STM32L4xx_HAL_Driver/Src/stm32l4xx_hal_rcc.o
 .comment       0x0000000000000050       0x51 ./Drivers/STM32L4xx_HAL_Driver/Src/stm32l4xx_hal_rcc_ex.o
 .comment       0x0000000000000050       0x51 ./Drivers/STM32L4xx_HAL_Driver/Src/stm32l4xx_hal_spi.o
 .comment       0x0000000000000050       0x51 ./ECUAL/DOT_MATRIX/DOT_MATRIX.o
 .comment       0x0000000000000050       0x51 ./ECUAL/DOT_MATRIX/DOT_MATRIX_cfg.o

.debug_frame    0x0000000000000000     0x2410
 .debug_frame   0x0000000000000000       0x94 ./Core/Src/main.o
 .debug_frame   0x0000000000000094       0xd0 ./Core/Src/stm32l4xx_hal_msp.o
 .debug_frame   0x0000000000000164      0x104 ./Core/Src/stm32l4xx_it.o
 .debug_frame   0x0000000000000268       0x58 ./Core/Src/system_stm32l4xx.o
 .debug_frame   0x00000000000002c0      0x3dc ./Drivers/STM32L4xx_HAL_Driver/Src/stm32l4xx_hal.o
 .debug_frame   0x000000000000069c      0x498 ./Drivers/STM32L4xx_HAL_Driver/Src/stm32l4xx_hal_cortex.o
 .debug_frame   0x0000000000000b34      0x14c ./Drivers/STM32L4xx_HAL_Driver/Src/stm32l4xx_hal_gpio.o
 .debug_frame   0x0000000000000c80      0x230 ./Drivers/STM32L4xx_HAL_Driver/Src/stm32l4xx_hal_pwr.o
 .debug_frame   0x0000000000000eb0      0x4a4 ./Drivers/STM32L4xx_HAL_Driver/Src/stm32l4xx_hal_pwr_ex.o
 .debug_frame   0x0000000000001354      0x21c ./Drivers/STM32L4xx_HAL_Driver/Src/stm32l4xx_hal_rcc.o
 .debug_frame   0x0000000000001570      0x3d0 ./Drivers/STM32L4xx_HAL_Driver/Src/stm32l4xx_hal_rcc_ex.o
 .debug_frame   0x0000000000001940      0x860 ./Drivers/STM32L4xx_HAL_Driver/Src/stm32l4xx_hal_spi.o
 .debug_frame   0x00000000000021a0      0x224 ./ECUAL/DOT_MATRIX/DOT_MATRIX.o
 .debug_frame   0x00000000000023c4       0x2c d:/stm32cubeide_1.10.1/stm32cubeide/plugins/com.st.stm32cube.ide.mcu.externaltools.gnu-tools-for-stm32.10.3-2021.10.win32_1.0.0.202111181127/tools/bin/../lib/gcc/arm-none-eabi/10.3.1/../../../../arm-none-eabi/lib/thumb/v7e-m+fp/hard\libc_nano.a(lib_a-init.o)
 .debug_frame   0x00000000000023f0       0x20 d:/stm32cubeide_1.10.1/stm32cubeide/plugins/com.st.stm32cube.ide.mcu.externaltools.gnu-tools-for-stm32.10.3-2021.10.win32_1.0.0.202111181127/tools/bin/../lib/gcc/arm-none-eabi/10.3.1/../../../../arm-none-eabi/lib/thumb/v7e-m+fp/hard\libc_nano.a(lib_a-memset.o)
